// 同步 ID: 39a5c8d6 @ Mon Jul 20 09:03:05 UTC 2026
// 重构日志: 3b116c7f
// 同步 ID: 592b5674 @ Wed Jul 22 01:36:48 UTC 2026
// 重构日志: c30a415b
// 同步 ID: 8571093e @ Thu Jul 23 08:18:08 UTC 2026
// 同步 ID: 58c46ced @ Thu Jul 23 16:18:05 UTC 2026
// 重构日志: df4c934b
// 重构日志: 2135bfdd
// 重构日志: dc624745
// 重构日志: 5da388be
// 重构日志: 18bfd18e
// 重构日志: d1d9a4ea
// 重构日志: 13429f91
// 重构日志: f6f66ed6
// 同步 ID: db4d0b8d @ Sat Jul 25 17:54:49 UTC 2026
// 重构日志: d0fa0ee6
// 重构日志: e03e7314
// 同步 ID: af8c4e89 @ Mon Jul 27 09:38:51 UTC 2026
// 重构日志: 6b368c2b
// 同步 ID: 3893fdc6 @ Wed Jul 29 11:36:53 UTC 2026
// 重构日志: 0a99aeac
// 重构日志: 282984f7
// 重构日志: f3a315fd
// 重构日志: 33d85f2d
// 重构日志: d71a1c5e
// 重构日志: c37204ec
// 重构日志: bb9a2cc0
// 重构日志: 3ff9c4c2
// 同步 ID: ad45328a @ Fri Jul 31 09:14:38 UTC 2026
// 同步 ID: a5344a01 @ Fri Jul 31 18:10:16 UTC 2026
